------------------------------------------------------------
TimeQuest Timing Analyzer Summary
------------------------------------------------------------

Type  : Slow 1200mV 85C Model Setup 'VGA_SYNC:inst1|vert_sync_out'
Slack : -9.721
TNS   : -695.457

Type  : Slow 1200mV 85C Model Setup 'inst6|altpll_component|auto_generated|pll1|clk[0]'
Slack : -9.008
TNS   : -39.545

Type  : Slow 1200mV 85C Model Setup 'MOUSE:inst3|MOUSE_CLK_FILTER'
Slack : -2.367
TNS   : -63.499

Type  : Slow 1200mV 85C Model Setup 'VGA_SYNC:inst1|pixel_column[0]'
Slack : -1.489
TNS   : -4.090

Type  : Slow 1200mV 85C Model Hold 'VGA_SYNC:inst1|pixel_column[0]'
Slack : -2.696
TNS   : -14.043

Type  : Slow 1200mV 85C Model Hold 'inst6|altpll_component|auto_generated|pll1|clk[0]'
Slack : -0.186
TNS   : -0.186

Type  : Slow 1200mV 85C Model Hold 'MOUSE:inst3|MOUSE_CLK_FILTER'
Slack : 0.234
TNS   : 0.000

Type  : Slow 1200mV 85C Model Hold 'VGA_SYNC:inst1|vert_sync_out'
Slack : 0.343
TNS   : 0.000

Type  : Slow 1200mV 85C Model Recovery 'inst6|altpll_component|auto_generated|pll1|clk[0]'
Slack : -3.498
TNS   : -65.115

Type  : Slow 1200mV 85C Model Recovery 'MOUSE:inst3|MOUSE_CLK_FILTER'
Slack : -2.400
TNS   : -18.586

Type  : Slow 1200mV 85C Model Removal 'MOUSE:inst3|MOUSE_CLK_FILTER'
Slack : -0.134
TNS   : -1.474

Type  : Slow 1200mV 85C Model Removal 'inst6|altpll_component|auto_generated|pll1|clk[0]'
Slack : 3.392
TNS   : 0.000

Type  : Slow 1200mV 85C Model Minimum Pulse Width 'VGA_SYNC:inst1|vert_sync_out'
Slack : -1.000
TNS   : -95.000

Type  : Slow 1200mV 85C Model Minimum Pulse Width 'MOUSE:inst3|MOUSE_CLK_FILTER'
Slack : -1.000
TNS   : -37.000

Type  : Slow 1200mV 85C Model Minimum Pulse Width 'VGA_SYNC:inst1|pixel_column[0]'
Slack : 0.044
TNS   : 0.000

Type  : Slow 1200mV 85C Model Minimum Pulse Width 'clk'
Slack : 9.825
TNS   : 0.000

Type  : Slow 1200mV 85C Model Minimum Pulse Width 'inst6|altpll_component|auto_generated|pll1|clk[0]'
Slack : 19.734
TNS   : 0.000

Type  : Slow 1200mV 0C Model Setup 'VGA_SYNC:inst1|vert_sync_out'
Slack : -8.574
TNS   : -613.245

Type  : Slow 1200mV 0C Model Setup 'inst6|altpll_component|auto_generated|pll1|clk[0]'
Slack : -7.878
TNS   : -33.877

Type  : Slow 1200mV 0C Model Setup 'MOUSE:inst3|MOUSE_CLK_FILTER'
Slack : -2.122
TNS   : -54.854

Type  : Slow 1200mV 0C Model Setup 'VGA_SYNC:inst1|pixel_column[0]'
Slack : -1.269
TNS   : -3.260

Type  : Slow 1200mV 0C Model Hold 'VGA_SYNC:inst1|pixel_column[0]'
Slack : -2.281
TNS   : -12.016

Type  : Slow 1200mV 0C Model Hold 'inst6|altpll_component|auto_generated|pll1|clk[0]'
Slack : -0.293
TNS   : -0.293

Type  : Slow 1200mV 0C Model Hold 'VGA_SYNC:inst1|vert_sync_out'
Slack : 0.299
TNS   : 0.000

Type  : Slow 1200mV 0C Model Hold 'MOUSE:inst3|MOUSE_CLK_FILTER'
Slack : 0.312
TNS   : 0.000

Type  : Slow 1200mV 0C Model Recovery 'inst6|altpll_component|auto_generated|pll1|clk[0]'
Slack : -2.943
TNS   : -54.672

Type  : Slow 1200mV 0C Model Recovery 'MOUSE:inst3|MOUSE_CLK_FILTER'
Slack : -2.133
TNS   : -16.892

Type  : Slow 1200mV 0C Model Removal 'MOUSE:inst3|MOUSE_CLK_FILTER'
Slack : 0.093
TNS   : 0.000

Type  : Slow 1200mV 0C Model Removal 'inst6|altpll_component|auto_generated|pll1|clk[0]'
Slack : 2.931
TNS   : 0.000

Type  : Slow 1200mV 0C Model Minimum Pulse Width 'VGA_SYNC:inst1|vert_sync_out'
Slack : -1.000
TNS   : -95.000

Type  : Slow 1200mV 0C Model Minimum Pulse Width 'MOUSE:inst3|MOUSE_CLK_FILTER'
Slack : -1.000
TNS   : -37.000

Type  : Slow 1200mV 0C Model Minimum Pulse Width 'VGA_SYNC:inst1|pixel_column[0]'
Slack : 0.108
TNS   : 0.000

Type  : Slow 1200mV 0C Model Minimum Pulse Width 'clk'
Slack : 9.785
TNS   : 0.000

Type  : Slow 1200mV 0C Model Minimum Pulse Width 'inst6|altpll_component|auto_generated|pll1|clk[0]'
Slack : 19.739
TNS   : 0.000

Type  : Fast 1200mV 0C Model Setup 'VGA_SYNC:inst1|vert_sync_out'
Slack : -5.031
TNS   : -352.339

Type  : Fast 1200mV 0C Model Setup 'inst6|altpll_component|auto_generated|pll1|clk[0]'
Slack : -4.726
TNS   : -20.676

Type  : Fast 1200mV 0C Model Setup 'MOUSE:inst3|MOUSE_CLK_FILTER'
Slack : -1.088
TNS   : -21.483

Type  : Fast 1200mV 0C Model Setup 'VGA_SYNC:inst1|pixel_column[0]'
Slack : -0.310
TNS   : -0.310

Type  : Fast 1200mV 0C Model Hold 'VGA_SYNC:inst1|pixel_column[0]'
Slack : -1.803
TNS   : -9.507

Type  : Fast 1200mV 0C Model Hold 'inst6|altpll_component|auto_generated|pll1|clk[0]'
Slack : -0.137
TNS   : -0.137

Type  : Fast 1200mV 0C Model Hold 'MOUSE:inst3|MOUSE_CLK_FILTER'
Slack : 0.178
TNS   : 0.000

Type  : Fast 1200mV 0C Model Hold 'VGA_SYNC:inst1|vert_sync_out'
Slack : 0.178
TNS   : 0.000

Type  : Fast 1200mV 0C Model Recovery 'inst6|altpll_component|auto_generated|pll1|clk[0]'
Slack : -1.680
TNS   : -30.829

Type  : Fast 1200mV 0C Model Recovery 'MOUSE:inst3|MOUSE_CLK_FILTER'
Slack : -1.192
TNS   : -8.742

Type  : Fast 1200mV 0C Model Removal 'MOUSE:inst3|MOUSE_CLK_FILTER'
Slack : 0.000
TNS   : 0.000

Type  : Fast 1200mV 0C Model Removal 'inst6|altpll_component|auto_generated|pll1|clk[0]'
Slack : 1.946
TNS   : 0.000

Type  : Fast 1200mV 0C Model Minimum Pulse Width 'VGA_SYNC:inst1|vert_sync_out'
Slack : -1.000
TNS   : -95.000

Type  : Fast 1200mV 0C Model Minimum Pulse Width 'MOUSE:inst3|MOUSE_CLK_FILTER'
Slack : -1.000
TNS   : -37.000

Type  : Fast 1200mV 0C Model Minimum Pulse Width 'VGA_SYNC:inst1|pixel_column[0]'
Slack : 0.199
TNS   : 0.000

Type  : Fast 1200mV 0C Model Minimum Pulse Width 'clk'
Slack : 9.585
TNS   : 0.000

Type  : Fast 1200mV 0C Model Minimum Pulse Width 'inst6|altpll_component|auto_generated|pll1|clk[0]'
Slack : 19.746
TNS   : 0.000

------------------------------------------------------------
