------------------------------------------------------------
TimeQuest Timing Analyzer Summary
------------------------------------------------------------

Type  : Slow 1200mV 85C Model Setup 'inst6|altpll_component|auto_generated|pll1|clk[0]'
Slack : -8.181
TNS   : -37.344

Type  : Slow 1200mV 85C Model Setup 'VGA_SYNC:inst1|vert_sync_out'
Slack : -7.130
TNS   : -329.933

Type  : Slow 1200mV 85C Model Setup 'MOUSE:inst3|MOUSE_CLK_FILTER'
Slack : -2.357
TNS   : -60.658

Type  : Slow 1200mV 85C Model Setup 'VGA_SYNC:inst1|pixel_column[0]'
Slack : -2.122
TNS   : -6.079

Type  : Slow 1200mV 85C Model Hold 'VGA_SYNC:inst1|pixel_column[0]'
Slack : -2.235
TNS   : -11.810

Type  : Slow 1200mV 85C Model Hold 'inst6|altpll_component|auto_generated|pll1|clk[0]'
Slack : -0.184
TNS   : -0.184

Type  : Slow 1200mV 85C Model Hold 'MOUSE:inst3|MOUSE_CLK_FILTER'
Slack : 0.325
TNS   : 0.000

Type  : Slow 1200mV 85C Model Hold 'VGA_SYNC:inst1|vert_sync_out'
Slack : 0.342
TNS   : 0.000

Type  : Slow 1200mV 85C Model Recovery 'inst6|altpll_component|auto_generated|pll1|clk[0]'
Slack : -3.720
TNS   : -68.903

Type  : Slow 1200mV 85C Model Recovery 'MOUSE:inst3|MOUSE_CLK_FILTER'
Slack : -2.052
TNS   : -16.270

Type  : Slow 1200mV 85C Model Removal 'MOUSE:inst3|MOUSE_CLK_FILTER'
Slack : 0.016
TNS   : 0.000

Type  : Slow 1200mV 85C Model Removal 'inst6|altpll_component|auto_generated|pll1|clk[0]'
Slack : 3.531
TNS   : 0.000

Type  : Slow 1200mV 85C Model Minimum Pulse Width 'VGA_SYNC:inst1|vert_sync_out'
Slack : -1.000
TNS   : -63.000

Type  : Slow 1200mV 85C Model Minimum Pulse Width 'MOUSE:inst3|MOUSE_CLK_FILTER'
Slack : -1.000
TNS   : -37.000

Type  : Slow 1200mV 85C Model Minimum Pulse Width 'VGA_SYNC:inst1|pixel_column[0]'
Slack : 0.198
TNS   : 0.000

Type  : Slow 1200mV 85C Model Minimum Pulse Width 'clk'
Slack : 9.825
TNS   : 0.000

Type  : Slow 1200mV 85C Model Minimum Pulse Width 'inst6|altpll_component|auto_generated|pll1|clk[0]'
Slack : 19.735
TNS   : 0.000

Type  : Slow 1200mV 0C Model Setup 'inst6|altpll_component|auto_generated|pll1|clk[0]'
Slack : -7.138
TNS   : -31.968

Type  : Slow 1200mV 0C Model Setup 'VGA_SYNC:inst1|vert_sync_out'
Slack : -6.206
TNS   : -288.427

Type  : Slow 1200mV 0C Model Setup 'MOUSE:inst3|MOUSE_CLK_FILTER'
Slack : -2.126
TNS   : -52.717

Type  : Slow 1200mV 0C Model Setup 'VGA_SYNC:inst1|pixel_column[0]'
Slack : -1.879
TNS   : -5.211

Type  : Slow 1200mV 0C Model Hold 'VGA_SYNC:inst1|pixel_column[0]'
Slack : -1.907
TNS   : -9.696

Type  : Slow 1200mV 0C Model Hold 'inst6|altpll_component|auto_generated|pll1|clk[0]'
Slack : -0.290
TNS   : -0.290

Type  : Slow 1200mV 0C Model Hold 'VGA_SYNC:inst1|vert_sync_out'
Slack : 0.298
TNS   : 0.000

Type  : Slow 1200mV 0C Model Hold 'MOUSE:inst3|MOUSE_CLK_FILTER'
Slack : 0.312
TNS   : 0.000

Type  : Slow 1200mV 0C Model Recovery 'inst6|altpll_component|auto_generated|pll1|clk[0]'
Slack : -3.144
TNS   : -58.047

Type  : Slow 1200mV 0C Model Recovery 'MOUSE:inst3|MOUSE_CLK_FILTER'
Slack : -1.829
TNS   : -15.921

Type  : Slow 1200mV 0C Model Removal 'MOUSE:inst3|MOUSE_CLK_FILTER'
Slack : 0.219
TNS   : 0.000

Type  : Slow 1200mV 0C Model Removal 'inst6|altpll_component|auto_generated|pll1|clk[0]'
Slack : 3.070
TNS   : 0.000

Type  : Slow 1200mV 0C Model Minimum Pulse Width 'VGA_SYNC:inst1|vert_sync_out'
Slack : -1.000
TNS   : -63.000

Type  : Slow 1200mV 0C Model Minimum Pulse Width 'MOUSE:inst3|MOUSE_CLK_FILTER'
Slack : -1.000
TNS   : -37.000

Type  : Slow 1200mV 0C Model Minimum Pulse Width 'VGA_SYNC:inst1|pixel_column[0]'
Slack : 0.210
TNS   : 0.000

Type  : Slow 1200mV 0C Model Minimum Pulse Width 'clk'
Slack : 9.785
TNS   : 0.000

Type  : Slow 1200mV 0C Model Minimum Pulse Width 'inst6|altpll_component|auto_generated|pll1|clk[0]'
Slack : 19.740
TNS   : 0.000

Type  : Fast 1200mV 0C Model Setup 'inst6|altpll_component|auto_generated|pll1|clk[0]'
Slack : -4.276
TNS   : -19.259

Type  : Fast 1200mV 0C Model Setup 'VGA_SYNC:inst1|vert_sync_out'
Slack : -3.595
TNS   : -160.689

Type  : Fast 1200mV 0C Model Setup 'MOUSE:inst3|MOUSE_CLK_FILTER'
Slack : -1.044
TNS   : -20.768

Type  : Fast 1200mV 0C Model Setup 'VGA_SYNC:inst1|pixel_column[0]'
Slack : -0.799
TNS   : -1.757

Type  : Fast 1200mV 0C Model Hold 'VGA_SYNC:inst1|pixel_column[0]'
Slack : -1.446
TNS   : -7.657

Type  : Fast 1200mV 0C Model Hold 'inst6|altpll_component|auto_generated|pll1|clk[0]'
Slack : -0.135
TNS   : -0.135

Type  : Fast 1200mV 0C Model Hold 'VGA_SYNC:inst1|vert_sync_out'
Slack : 0.178
TNS   : 0.000

Type  : Fast 1200mV 0C Model Hold 'MOUSE:inst3|MOUSE_CLK_FILTER'
Slack : 0.185
TNS   : 0.000

Type  : Fast 1200mV 0C Model Recovery 'inst6|altpll_component|auto_generated|pll1|clk[0]'
Slack : -1.779
TNS   : -32.434

Type  : Fast 1200mV 0C Model Recovery 'MOUSE:inst3|MOUSE_CLK_FILTER'
Slack : -0.946
TNS   : -7.042

Type  : Fast 1200mV 0C Model Removal 'MOUSE:inst3|MOUSE_CLK_FILTER'
Slack : 0.104
TNS   : 0.000

Type  : Fast 1200mV 0C Model Removal 'inst6|altpll_component|auto_generated|pll1|clk[0]'
Slack : 1.981
TNS   : 0.000

Type  : Fast 1200mV 0C Model Minimum Pulse Width 'VGA_SYNC:inst1|vert_sync_out'
Slack : -1.000
TNS   : -63.000

Type  : Fast 1200mV 0C Model Minimum Pulse Width 'MOUSE:inst3|MOUSE_CLK_FILTER'
Slack : -1.000
TNS   : -37.000

Type  : Fast 1200mV 0C Model Minimum Pulse Width 'VGA_SYNC:inst1|pixel_column[0]'
Slack : 0.272
TNS   : 0.000

Type  : Fast 1200mV 0C Model Minimum Pulse Width 'clk'
Slack : 9.585
TNS   : 0.000

Type  : Fast 1200mV 0C Model Minimum Pulse Width 'inst6|altpll_component|auto_generated|pll1|clk[0]'
Slack : 19.746
TNS   : 0.000

------------------------------------------------------------
